src/lib/hooks.ts(312,12): error TS2783: 'data' is specified more than once, so this usage will be overwritten.
src/lib/hooks.ts(340,12): error TS2783: 'data' is specified more than once, so this usage will be overwritten.
src/lib/hooks.ts(358,12): error TS2783: 'data' is specified more than once, so this usage will be overwritten.
src/lib/hooks.ts(378,12): error TS2783: 'data' is specified more than once, so this usage will be overwritten.
src/lib/hooks.ts(387,12): error TS2783: 'data' is specified more than once, so this usage will be overwritten.
src/lib/hooks.ts(398,12): error TS2783: 'data' is specified more than once, so this usage will be overwritten.
src/lib/hooks.ts(413,12): error TS2783: 'data' is specified more than once, so this usage will be overwritten.
src/lib/hooks.ts(431,12): error TS2783: 'data' is specified more than once, so this usage will be overwritten.
src/lib/hooks.ts(448,12): error TS2783: 'data' is specified more than once, so this usage will be overwritten.
src/screens/AdminUsersScreen.tsx(56,33): error TS2339: Property 'filter' does not exist on type 'never[] | { data: User[]; count: number | null; }'.
  Property 'filter' does not exist on type '{ data: User[]; count: number | null; }'.
src/screens/AdminUsersScreen.tsx(56,40): error TS7006: Parameter 'u' implicitly has an 'any' type.
src/screens/AdminUsersScreen.tsx(147,75): error TS2339: Property 'length' does not exist on type 'never[] | { data: User[]; count: number | null; }'.
  Property 'length' does not exist on type '{ data: User[]; count: number | null; }'.
src/screens/AdminUsersScreen.tsx(148,79): error TS2339: Property 'filter' does not exist on type 'never[] | { data: User[]; count: number | null; }'.
  Property 'filter' does not exist on type '{ data: User[]; count: number | null; }'.
src/screens/AdminUsersScreen.tsx(148,86): error TS7006: Parameter 'u' implicitly has an 'any' type.
src/screens/AdminUsersScreen.tsx(149,70): error TS2339: Property 'filter' does not exist on type 'never[] | { data: User[]; count: number | null; }'.
  Property 'filter' does not exist on type '{ data: User[]; count: number | null; }'.
src/screens/AdminUsersScreen.tsx(149,77): error TS7006: Parameter 'u' implicitly has an 'any' type.
src/screens/AdminUsersScreen.tsx(163,87): error TS18046: 'item' is of type 'unknown'.
src/screens/AdminUsersScreen.tsx(168,51): error TS18046: 'item' is of type 'unknown'.
src/screens/AdminUsersScreen.tsx(168,69): error TS18046: 'item' is of type 'unknown'.
src/screens/AdminUsersScreen.tsx(174,47): error TS18046: 'item' is of type 'unknown'.
src/screens/AdminUsersScreen.tsx(176,48): error TS18046: 'item' is of type 'unknown'.
src/screens/AdminUsersScreen.tsx(176,78): error TS18046: 'item' is of type 'unknown'.
src/screens/AdminUsersScreen.tsx(176,100): error TS18046: 'item' is of type 'unknown'.
src/screens/AdminUsersScreen.tsx(182,51): error TS18046: 'item' is of type 'unknown'.
src/screens/AdminUsersScreen.tsx(182,93): error TS18046: 'item' is of type 'unknown'.
src/screens/DashboardScreen.tsx(32,28): error TS2339: Property 'reduce' does not exist on type 'never[] | { data: Lot[]; count: number | null; }'.
  Property 'reduce' does not exist on type '{ data: Lot[]; count: number | null; }'.
src/screens/DashboardScreen.tsx(32,36): error TS7006: Parameter 'acc' implicitly has an 'any' type.
src/screens/DashboardScreen.tsx(32,41): error TS7006: Parameter 'lot' implicitly has an 'any' type.
src/screens/DashboardScreen.tsx(40,38): error TS2339: Property 'filter' does not exist on type 'never[] | { data: FcqDossier[]; count: number | null; }'.
  Property 'filter' does not exist on type '{ data: FcqDossier[]; count: number | null; }'.
src/screens/DashboardScreen.tsx(40,45): error TS7006: Parameter 'f' implicitly has an 'any' type.
src/screens/DashboardScreen.tsx(42,30): error TS7006: Parameter 'f' implicitly has an 'any' type.
src/screens/DashboardScreen.tsx(46,37): error TS2339: Property 'filter' does not exist on type 'never[] | { data: Instrument[]; count: number | null; }'.
  Property 'filter' does not exist on type '{ data: Instrument[]; count: number | null; }'.
src/screens/DashboardScreen.tsx(46,44): error TS7006: Parameter 'i' implicitly has an 'any' type.
src/screens/DashboardScreen.tsx(47,34): error TS2339: Property 'filter' does not exist on type 'never[] | { data: Lot[]; count: number | null; }'.
  Property 'filter' does not exist on type '{ data: Lot[]; count: number | null; }'.
src/screens/DashboardScreen.tsx(47,41): error TS7006: Parameter 'l' implicitly has an 'any' type.
src/screens/DashboardScreen.tsx(52,37): error TS2339: Property 'filter' does not exist on type 'never[] | { data: any[]; count: number | null; }'.
  Property 'filter' does not exist on type '{ data: any[]; count: number | null; }'.
src/screens/DashboardScreen.tsx(161,26): error TS2339: Property 'slice' does not exist on type 'never[] | { data: Lot[]; count: number | null; }'.
  Property 'slice' does not exist on type '{ data: Lot[]; count: number | null; }'.
src/screens/DashboardScreen.tsx(161,43): error TS7006: Parameter 'lot' implicitly has an 'any' type.
src/screens/DashboardScreen.tsx(186,91): error TS2339: Property 'filter' does not exist on type 'never[] | { data: Fnc[]; count: number | null; }'.
  Property 'filter' does not exist on type '{ data: Fnc[]; count: number | null; }'.
src/screens/DashboardScreen.tsx(186,98): error TS7006: Parameter 'f' implicitly has an 'any' type.
src/screens/DashboardScreen.tsx(188,59): error TS2339: Property 'filter' does not exist on type 'never[] | { data: Fnc[]; count: number | null; }'.
  Property 'filter' does not exist on type '{ data: Fnc[]; count: number | null; }'.
src/screens/DashboardScreen.tsx(188,66): error TS7006: Parameter 'f' implicitly has an 'any' type.
src/screens/FncScreen.tsx(101,30): error TS2339: Property 'find' does not exist on type 'never[] | { data: Fnc[]; count: number | null; }'.
  Property 'find' does not exist on type '{ data: Fnc[]; count: number | null; }'.
src/screens/FncScreen.tsx(101,35): error TS7006: Parameter 'f' implicitly has an 'any' type.
src/screens/FncScreen.tsx(106,9): error TS2304: Cannot find name 'searchQuery'.
src/screens/FncScreen.tsx(110,28): error TS2339: Property 'length' does not exist on type 'never[] | { data: Fnc[]; count: number | null; }'.
  Property 'length' does not exist on type '{ data: Fnc[]; count: number | null; }'.
src/screens/FncScreen.tsx(316,27): error TS2339: Property 'filter' does not exist on type 'never[] | { data: Fnc[]; count: number | null; }'.
  Property 'filter' does not exist on type '{ data: Fnc[]; count: number | null; }'.
src/screens/FncScreen.tsx(316,34): error TS7006: Parameter 'f' implicitly has an 'any' type.
src/screens/FncScreen.tsx(317,33): error TS2339: Property 'filter' does not exist on type 'never[] | { data: Fnc[]; count: number | null; }'.
  Property 'filter' does not exist on type '{ data: Fnc[]; count: number | null; }'.
src/screens/FncScreen.tsx(317,40): error TS7006: Parameter 'f' implicitly has an 'any' type.
src/screens/FncScreen.tsx(318,29): error TS2339: Property 'filter' does not exist on type 'never[] | { data: Fnc[]; count: number | null; }'.
  Property 'filter' does not exist on type '{ data: Fnc[]; count: number | null; }'.
src/screens/FncScreen.tsx(318,36): error TS7006: Parameter 'f' implicitly has an 'any' type.
src/screens/FncScreen.tsx(347,22): error TS2304: Cannot find name 'filteredFncs'.
src/screens/FncScreen.tsx(354,35): error TS2304: Cannot find name 'filteredFncs'.
src/screens/FncScreen.tsx(361,90): error TS18046: 'item' is of type 'unknown'.
src/screens/FncScreen.tsx(366,72): error TS18046: 'item' is of type 'unknown'.
src/screens/FncScreen.tsx(366,97): error TS18046: 'item' is of type 'unknown'.
src/screens/FncScreen.tsx(366,136): error TS18046: 'item' is of type 'unknown'.
src/screens/FncScreen.tsx(371,70): error TS18046: 'item' is of type 'unknown'.
src/screens/FncScreen.tsx(371,93): error TS18046: 'item' is of type 'unknown'.
src/screens/FncScreen.tsx(371,128): error TS18046: 'item' is of type 'unknown'.
src/screens/FncScreen.tsx(376,81): error TS18046: 'item' is of type 'unknown'.
src/screens/FncScreen.tsx(380,60): error TS18046: 'item' is of type 'unknown'.
src/screens/FncScreen.tsx(470,42): error TS2339: Property 'length' does not exist on type 'never[] | { data: any[]; count: number | null; }'.
  Property 'length' does not exist on type '{ data: any[]; count: number | null; }'.
src/screens/FncScreen.tsx(473,45): error TS2339: Property 'map' does not exist on type 'never[] | { data: any[]; count: number | null; }'.
  Property 'map' does not exist on type '{ data: any[]; count: number | null; }'.
src/screens/FncScreen.tsx(595,43): error TS2339: Property 'map' does not exist on type 'never[] | { data: Lot[]; count: number | null; }'.
  Property 'map' does not exist on type '{ data: Lot[]; count: number | null; }'.
src/screens/FncScreen.tsx(595,47): error TS7006: Parameter 'l' implicitly has an 'any' type.
src/screens/FncScreen.tsx(597,50): error TS2339: Property 'find' does not exist on type 'never[] | { data: Lot[]; count: number | null; }'.
  Property 'find' does not exist on type '{ data: Lot[]; count: number | null; }'.
src/screens/FncScreen.tsx(597,55): error TS7006: Parameter 'l' implicitly has an 'any' type.
src/screens/InventoryScreen.tsx(40,32): error TS2339: Property 'find' does not exist on type 'never[] | { data: InventoryCampaign[]; count: number | null; }'.
  Property 'find' does not exist on type '{ data: InventoryCampaign[]; count: number | null; }'.
src/screens/InventoryScreen.tsx(40,37): error TS7006: Parameter 'c' implicitly has an 'any' type.
src/screens/InventoryScreen.tsx(45,29): error TS2339: Property 'length' does not exist on type 'never[] | { data: InventoryCampaign[]; count: number | null; }'.
  Property 'length' does not exist on type '{ data: InventoryCampaign[]; count: number | null; }'.
src/screens/InventoryScreen.tsx(75,22): error TS2339: Property 'find' does not exist on type 'never[] | { data: Article[]; count: number | null; }'.
  Property 'find' does not exist on type '{ data: Article[]; count: number | null; }'.
src/screens/InventoryScreen.tsx(75,27): error TS7006: Parameter 'a' implicitly has an 'any' type.
src/screens/InventoryScreen.tsx(133,20): error TS2339: Property 'map' does not exist on type 'never[] | { data: InventoryCampaign[]; count: number | null; }'.
  Property 'map' does not exist on type '{ data: InventoryCampaign[]; count: number | null; }'.
src/screens/InventoryScreen.tsx(133,25): error TS7006: Parameter 'c' implicitly has an 'any' type.
src/screens/InventoryScreen.tsx(174,76): error TS2339: Property 'find' does not exist on type 'never[] | { data: InventoryCampaign[]; count: number | null; }'.
  Property 'find' does not exist on type '{ data: InventoryCampaign[]; count: number | null; }'.
src/screens/InventoryScreen.tsx(174,81): error TS7006: Parameter 'c' implicitly has an 'any' type.
src/screens/InventoryScreen.tsx(252,27): error TS2339: Property 'map' does not exist on type 'never[] | { data: Article[]; count: number | null; }'.
  Property 'map' does not exist on type '{ data: Article[]; count: number | null; }'.
src/screens/InventoryScreen.tsx(252,31): error TS7006: Parameter 'a' implicitly has an 'any' type.
src/screens/InventoryScreen.tsx(259,23): error TS2339: Property 'filter' does not exist on type 'never[] | { data: Lot[]; count: number | null; }'.
  Property 'filter' does not exist on type '{ data: Lot[]; count: number | null; }'.
src/screens/InventoryScreen.tsx(259,30): error TS7006: Parameter 'l' implicitly has an 'any' type.
src/screens/InventoryScreen.tsx(259,78): error TS7006: Parameter 'l' implicitly has an 'any' type.
src/screens/LaboratoryScreen.tsx(47,28): error TS2339: Property 'find' does not exist on type 'any[] | { data: FcqDossier[]; count: number | null; }'.
  Property 'find' does not exist on type '{ data: FcqDossier[]; count: number | null; }'.
src/screens/LaboratoryScreen.tsx(69,35): error TS2339: Property 'filter' does not exist on type 'any[] | { data: Instrument[]; count: number | null; }'.
  Property 'filter' does not exist on type '{ data: Instrument[]; count: number | null; }'.
src/screens/LaboratoryScreen.tsx(69,42): error TS7006: Parameter 'i' implicitly has an 'any' type.
src/screens/LaboratoryScreen.tsx(82,48): error TS2339: Property 'filter' does not exist on type 'any[] | { data: Instrument[]; count: number | null; }'.
  Property 'filter' does not exist on type '{ data: Instrument[]; count: number | null; }'.
src/screens/LaboratoryScreen.tsx(82,55): error TS7006: Parameter 'i' implicitly has an 'any' type.
src/screens/LaboratoryScreen.tsx(89,28): error TS2339: Property 'length' does not exist on type 'any[] | { data: FcqDossier[]; count: number | null; }'.
  Property 'length' does not exist on type '{ data: FcqDossier[]; count: number | null; }'.
src/screens/LaboratoryScreen.tsx(111,30): error TS2339: Property 'find' does not exist on type 'any[] | { data: Instrument[]; count: number | null; }'.
  Property 'find' does not exist on type '{ data: Instrument[]; count: number | null; }'.
src/screens/LaboratoryScreen.tsx(111,35): error TS7006: Parameter 'i' implicitly has an 'any' type.
src/screens/LaboratoryScreen.tsx(163,33): error TS2339: Property 'map' does not exist on type 'any[] | { data: QcSpecification[]; count: number | null; }'.
  Property 'map' does not exist on type '{ data: QcSpecification[]; count: number | null; }'.
src/screens/LaboratoryScreen.tsx(163,37): error TS7006: Parameter 'spec' implicitly has an 'any' type.
src/screens/LaboratoryScreen.tsx(204,65): error TS2339: Property 'find' does not exist on type 'any[] | { data: Instrument[]; count: number | null; }'.
  Property 'find' does not exist on type '{ data: Instrument[]; count: number | null; }'.
src/screens/LaboratoryScreen.tsx(204,70): error TS7006: Parameter 'i' implicitly has an 'any' type.
src/screens/LaboratoryScreen.tsx(318,52): error TS2339: Property 'length' does not exist on type 'any[] | { data: Instrument[]; count: number | null; }'.
  Property 'length' does not exist on type '{ data: Instrument[]; count: number | null; }'.
src/screens/LaboratoryScreen.tsx(320,50): error TS2339: Property 'length' does not exist on type 'any[] | { data: Instrument[]; count: number | null; }'.
  Property 'length' does not exist on type '{ data: Instrument[]; count: number | null; }'.
src/screens/LaboratoryScreen.tsx(326,28): error TS2339: Property 'map' does not exist on type 'any[] | { data: Instrument[]; count: number | null; }'.
  Property 'map' does not exist on type '{ data: Instrument[]; count: number | null; }'.
src/screens/LaboratoryScreen.tsx(326,33): error TS7006: Parameter 'inst' implicitly has an 'any' type.
src/screens/LaboratoryScreen.tsx(326,39): error TS7006: Parameter 'i' implicitly has an 'any' type.
src/screens/LaboratoryScreen.tsx(327,72): error TS2339: Property 'length' does not exist on type 'any[] | { data: Instrument[]; count: number | null; }'.
  Property 'length' does not exist on type '{ data: Instrument[]; count: number | null; }'.
src/screens/LaboratoryScreen.tsx(346,25): error TS2339: Property 'map' does not exist on type 'any[] | { data: FcqDossier[]; count: number | null; }'.
  Property 'map' does not exist on type '{ data: FcqDossier[]; count: number | null; }'.
src/screens/LaboratoryScreen.tsx(346,30): error TS7006: Parameter 'd' implicitly has an 'any' type.
src/screens/LaboratoryScreen.tsx(346,33): error TS7006: Parameter 'idx' implicitly has an 'any' type.
src/screens/LaboratoryScreen.tsx(350,80): error TS2339: Property 'length' does not exist on type 'any[] | { data: FcqDossier[]; count: number | null; }'.
  Property 'length' does not exist on type '{ data: FcqDossier[]; count: number | null; }'.
src/screens/LaboratoryScreen.tsx(394,133): error TS2339: Property 'find' does not exist on type 'any[] | { data: Instrument[]; count: number | null; }'.
  Property 'find' does not exist on type '{ data: Instrument[]; count: number | null; }'.
src/screens/LaboratoryScreen.tsx(394,138): error TS7006: Parameter 'i' implicitly has an 'any' type.
src/screens/LaboratoryScreen.tsx(402,31): error TS2339: Property 'length' does not exist on type 'any[] | { data: QcSpecification[]; count: number | null; }'.
  Property 'length' does not exist on type '{ data: QcSpecification[]; count: number | null; }'.
src/screens/LaboratoryScreen.tsx(403,29): error TS2339: Property 'map' does not exist on type 'any[] | { data: QcSpecification[]; count: number | null; }'.
  Property 'map' does not exist on type '{ data: QcSpecification[]; count: number | null; }'.
src/screens/LaboratoryScreen.tsx(458,25): error TS2339: Property 'map' does not exist on type 'any[] | { data: Lot[]; count: number | null; }'.
  Property 'map' does not exist on type '{ data: Lot[]; count: number | null; }'.
src/screens/LaboratoryScreen.tsx(458,29): error TS7006: Parameter 'l' implicitly has an 'any' type.
src/screens/LaboratoryScreen.tsx(474,32): error TS2339: Property 'map' does not exist on type 'any[] | { data: Instrument[]; count: number | null; }'.
  Property 'map' does not exist on type '{ data: Instrument[]; count: number | null; }'.
src/screens/LaboratoryScreen.tsx(474,36): error TS7006: Parameter 'i' implicitly has an 'any' type.
src/screens/ProductionScreen.tsx(45,49): error TS2339: Property 'filter' does not exist on type 'never[] | { data: any[]; count: number | null; }'.
  Property 'filter' does not exist on type '{ data: any[]; count: number | null; }'.
src/screens/ProductionScreen.tsx(45,56): error TS7006: Parameter 'b' implicitly has an 'any' type.
src/screens/ProductionScreen.tsx(46,33): error TS2339: Property 'find' does not exist on type 'never[] | { data: Article[]; count: number | null; }'.
  Property 'find' does not exist on type '{ data: Article[]; count: number | null; }'.
src/screens/ProductionScreen.tsx(46,38): error TS7006: Parameter 'a' implicitly has an 'any' type.
src/screens/ProductionScreen.tsx(50,53): error TS2339: Property 'filter' does not exist on type 'never[] | { data: any[]; count: number | null; }'.
  Property 'filter' does not exist on type '{ data: any[]; count: number | null; }'.
src/screens/ProductionScreen.tsx(50,60): error TS7006: Parameter 'o' implicitly has an 'any' type.
src/screens/ProductionScreen.tsx(51,33): error TS2339: Property 'find' does not exist on type 'never[] | { data: Article[]; count: number | null; }'.
  Property 'find' does not exist on type '{ data: Article[]; count: number | null; }'.
src/screens/ProductionScreen.tsx(51,38): error TS7006: Parameter 'a' implicitly has an 'any' type.
src/screens/ProductionScreen.tsx(55,57): error TS2339: Property 'filter' does not exist on type 'never[] | { data: Article[]; count: number | null; }'.
  Property 'filter' does not exist on type '{ data: Article[]; count: number | null; }'.
src/screens/ProductionScreen.tsx(55,64): error TS7006: Parameter 'p' implicitly has an 'any' type.
src/screens/ProductionScreen.tsx(81,26): error TS2339: Property 'length' does not exist on type 'never[] | { data: any[]; count: number | null; }'.
  Property 'length' does not exist on type '{ data: any[]; count: number | null; }'.
src/screens/ProductionScreen.tsx(110,29): error TS2339: Property 'find' does not exist on type 'never[] | { data: any[]; count: number | null; }'.
  Property 'find' does not exist on type '{ data: any[]; count: number | null; }'.
src/screens/ProductionScreen.tsx(110,34): error TS7006: Parameter 'b' implicitly has an 'any' type.
src/screens/ProductionScreen.tsx(127,36): error TS2339: Property 'filter' does not exist on type 'never[] | { data: Article[]; count: number | null; }'.
  Property 'filter' does not exist on type '{ data: Article[]; count: number | null; }'.
src/screens/ProductionScreen.tsx(127,43): error TS7006: Parameter 'a' implicitly has an 'any' type.
src/screens/ProductionScreen.tsx(129,36): error TS7006: Parameter 'comp' implicitly has an 'any' type.
src/screens/ProductionScreen.tsx(131,29): error TS2339: Property 'filter' does not exist on type 'never[] | { data: Lot[]; count: number | null; }'.
  Property 'filter' does not exist on type '{ data: Lot[]; count: number | null; }'.
src/screens/ProductionScreen.tsx(131,36): error TS7006: Parameter 'l' implicitly has an 'any' type.
src/screens/ProductionScreen.tsx(132,42): error TS7006: Parameter 'acc' implicitly has an 'any' type.
src/screens/ProductionScreen.tsx(132,47): error TS7006: Parameter 'l' implicitly has an 'any' type.
src/screens/ProductionScreen.tsx(158,74): error TS2339: Property 'find' does not exist on type 'never[] | { data: Article[]; count: number | null; }'.
  Property 'find' does not exist on type '{ data: Article[]; count: number | null; }'.
src/screens/ProductionScreen.tsx(158,79): error TS7006: Parameter 'p' implicitly has an 'any' type.
src/screens/ProductionScreen.tsx(223,25): error TS2339: Property 'find' does not exist on type 'never[] | { data: any[]; count: number | null; }'.
  Property 'find' does not exist on type '{ data: any[]; count: number | null; }'.
src/screens/ProductionScreen.tsx(223,30): error TS7006: Parameter 'b' implicitly has an 'any' type.
src/screens/ProductionScreen.tsx(259,31): error TS2339: Property 'map' does not exist on type 'never[] | { data: BomLine[]; count: number | null; }'.
  Property 'map' does not exist on type '{ data: BomLine[]; count: number | null; }'.
src/screens/ProductionScreen.tsx(259,35): error TS7006: Parameter 'line' implicitly has an 'any' type.
src/screens/ProductionScreen.tsx(269,82): error TS7006: Parameter 'o' implicitly has an 'any' type.
src/screens/ProductionScreen.tsx(286,30): error TS7006: Parameter 'order' implicitly has an 'any' type.
src/screens/ProductionScreen.tsx(382,23): error TS2339: Property 'length' does not exist on type 'never[] | { data: BomLine[]; count: number | null; }'.
  Property 'length' does not exist on type '{ data: BomLine[]; count: number | null; }'.
src/screens/ProductionScreen.tsx(383,21): error TS2339: Property 'map' does not exist on type 'never[] | { data: BomLine[]; count: number | null; }'.
  Property 'map' does not exist on type '{ data: BomLine[]; count: number | null; }'.
src/screens/ProductionScreen.tsx(383,25): error TS7006: Parameter 'line' implicitly has an 'any' type.
src/screens/ProductionScreen.tsx(395,69): error TS2339: Property 'length' does not exist on type 'never[] | { data: any[]; count: number | null; }'.
  Property 'length' does not exist on type '{ data: any[]; count: number | null; }'.
src/screens/ProductionScreen.tsx(402,30): error TS7006: Parameter 'bom' implicitly has an 'any' type.
src/screens/ProductionScreen.tsx(455,41): error TS7006: Parameter 'p' implicitly has an 'any' type.
src/screens/ProductionScreen.tsx(461,37): error TS7006: Parameter 'b' implicitly has an 'any' type.
src/screens/ProductionScreen.tsx(485,41): error TS7006: Parameter 'p' implicitly has an 'any' type.
src/screens/PurchasingImportScreen.tsx(110,28): error TS2339: Property 'find' does not exist on type 'never[] | { data: DaImport[]; count: number | null; }'.
  Property 'find' does not exist on type '{ data: DaImport[]; count: number | null; }'.
src/screens/PurchasingImportScreen.tsx(110,34): error TS7006: Parameter 'd' implicitly has an 'any' type.
src/screens/PurchasingImportScreen.tsx(128,28): error TS2339: Property 'length' does not exist on type 'never[] | { data: DaImport[]; count: number | null; }'.
  Property 'length' does not exist on type '{ data: DaImport[]; count: number | null; }'.
src/screens/PurchasingImportScreen.tsx(147,34): error TS2339: Property 'find' does not exist on type 'never[] | { data: ExchangeRate[]; count: number | null; }'.
  Property 'find' does not exist on type '{ data: ExchangeRate[]; count: number | null; }'.
src/screens/PurchasingImportScreen.tsx(147,39): error TS7006: Parameter 'r' implicitly has an 'any' type.
src/screens/PurchasingImportScreen.tsx(289,73): error TS2339: Property 'filter' does not exist on type 'never[] | { data: DaImport[]; count: number | null; }'.
  Property 'filter' does not exist on type '{ data: DaImport[]; count: number | null; }'.
src/screens/PurchasingImportScreen.tsx(289,80): error TS7006: Parameter 'd' implicitly has an 'any' type.
src/screens/PurchasingImportScreen.tsx(290,67): error TS2339: Property 'filter' does not exist on type 'never[] | { data: DaImport[]; count: number | null; }'.
  Property 'filter' does not exist on type '{ data: DaImport[]; count: number | null; }'.
src/screens/PurchasingImportScreen.tsx(290,74): error TS7006: Parameter 'd' implicitly has an 'any' type.
src/screens/PurchasingImportScreen.tsx(300,23): error TS2339: Property 'map' does not exist on type 'never[] | { data: DaImport[]; count: number | null; }'.
  Property 'map' does not exist on type '{ data: DaImport[]; count: number | null; }'.
src/screens/PurchasingImportScreen.tsx(300,28): error TS7006: Parameter 'd' implicitly has an 'any' type.
src/screens/PurchasingImportScreen.tsx(451,29): error TS2339: Property 'map' does not exist on type 'never[] | { data: Article[]; count: number | null; }'.
  Property 'map' does not exist on type '{ data: Article[]; count: number | null; }'.
src/screens/PurchasingImportScreen.tsx(451,33): error TS7006: Parameter 'a' implicitly has an 'any' type.
src/screens/PurchasingImportScreen.tsx(457,30): error TS2339: Property 'map' does not exist on type 'never[] | { data: Supplier[]; count: number | null; }'.
  Property 'map' does not exist on type '{ data: Supplier[]; count: number | null; }'.
src/screens/PurchasingImportScreen.tsx(457,34): error TS7006: Parameter 's' implicitly has an 'any' type.
src/screens/PurchasingImportScreen.tsx(478,34): error TS2339: Property 'map' does not exist on type 'never[] | { data: ExchangeRate[]; count: number | null; }'.
  Property 'map' does not exist on type '{ data: ExchangeRate[]; count: number | null; }'.
src/screens/PurchasingImportScreen.tsx(478,38): error TS7006: Parameter 'r' implicitly has an 'any' type.
src/screens/PurchasingLocalScreen.tsx(40,28): error TS2339: Property 'find' does not exist on type 'never[] | { data: DaLocal[]; count: number | null; }'.
  Property 'find' does not exist on type '{ data: DaLocal[]; count: number | null; }'.
src/screens/PurchasingLocalScreen.tsx(40,34): error TS7006: Parameter 'd' implicitly has an 'any' type.
src/screens/PurchasingLocalScreen.tsx(59,28): error TS2339: Property 'length' does not exist on type 'never[] | { data: DaLocal[]; count: number | null; }'.
  Property 'length' does not exist on type '{ data: DaLocal[]; count: number | null; }'.
src/screens/PurchasingLocalScreen.tsx(99,72): error TS2339: Property 'filter' does not exist on type 'never[] | { data: DaLocal[]; count: number | null; }'.
  Property 'filter' does not exist on type '{ data: DaLocal[]; count: number | null; }'.
src/screens/PurchasingLocalScreen.tsx(99,79): error TS7006: Parameter 'd' implicitly has an 'any' type.
src/screens/PurchasingLocalScreen.tsx(100,71): error TS2339: Property 'filter' does not exist on type 'never[] | { data: DaLocal[]; count: number | null; }'.
  Property 'filter' does not exist on type '{ data: DaLocal[]; count: number | null; }'.
src/screens/PurchasingLocalScreen.tsx(100,78): error TS7006: Parameter 'd' implicitly has an 'any' type.
src/screens/PurchasingLocalScreen.tsx(109,23): error TS2339: Property 'map' does not exist on type 'never[] | { data: DaLocal[]; count: number | null; }'.
  Property 'map' does not exist on type '{ data: DaLocal[]; count: number | null; }'.
src/screens/PurchasingLocalScreen.tsx(109,28): error TS7006: Parameter 'd' implicitly has an 'any' type.
src/screens/PurchasingLocalScreen.tsx(178,49): error TS7006: Parameter 'liv' implicitly has an 'any' type.
src/screens/PurchasingLocalScreen.tsx(178,54): error TS7006: Parameter 'i' implicitly has an 'any' type.
src/screens/PurchasingLocalScreen.tsx(231,29): error TS2339: Property 'map' does not exist on type 'never[] | { data: Article[]; count: number | null; }'.
  Property 'map' does not exist on type '{ data: Article[]; count: number | null; }'.
src/screens/PurchasingLocalScreen.tsx(231,33): error TS7006: Parameter 'a' implicitly has an 'any' type.
src/screens/PurchasingLocalScreen.tsx(237,30): error TS2339: Property 'map' does not exist on type 'never[] | { data: Supplier[]; count: number | null; }'.
  Property 'map' does not exist on type '{ data: Supplier[]; count: number | null; }'.
src/screens/PurchasingLocalScreen.tsx(237,34): error TS7006: Parameter 's' implicitly has an 'any' type.
src/screens/ReceptionScreen.tsx(34,29): error TS2339: Property 'filter' does not exist on type 'never[] | { data: Lot[]; count: number | null; }'.
  Property 'filter' does not exist on type '{ data: Lot[]; count: number | null; }'.
src/screens/ReceptionScreen.tsx(34,36): error TS7006: Parameter 'l' implicitly has an 'any' type.
src/screens/ReceptionScreen.tsx(41,28): error TS2339: Property 'find' does not exist on type 'never[] | { data: Lot[]; count: number | null; }'.
  Property 'find' does not exist on type '{ data: Lot[]; count: number | null; }'.
src/screens/ReceptionScreen.tsx(41,33): error TS7006: Parameter 'l' implicitly has an 'any' type.
src/screens/ReceptionScreen.tsx(45,24): error TS2339: Property 'length' does not exist on type 'never[] | { data: Lot[]; count: number | null; }'.
  Property 'length' does not exist on type '{ data: Lot[]; count: number | null; }'.
src/screens/ReceptionScreen.tsx(129,33): error TS7006: Parameter 'lot' implicitly has an 'any' type.
src/screens/ReceptionScreen.tsx(215,29): error TS2339: Property 'map' does not exist on type 'never[] | { data: Article[]; count: number | null; }'.
  Property 'map' does not exist on type '{ data: Article[]; count: number | null; }'.
src/screens/ReceptionScreen.tsx(215,33): error TS7006: Parameter 'a' implicitly has an 'any' type.
src/screens/ReceptionScreen.tsx(221,30): error TS2339: Property 'map' does not exist on type 'never[] | { data: Supplier[]; count: number | null; }'.
  Property 'map' does not exist on type '{ data: Supplier[]; count: number | null; }'.
src/screens/ReceptionScreen.tsx(221,34): error TS7006: Parameter 's' implicitly has an 'any' type.
src/screens/ReceptionScreen.tsx(247,30): error TS2339: Property 'map' does not exist on type 'never[] | { data: Supplier[]; count: number | null; }'.
  Property 'map' does not exist on type '{ data: Supplier[]; count: number | null; }'.
src/screens/ReceptionScreen.tsx(247,34): error TS7006: Parameter 's' implicitly has an 'any' type.
src/screens/ReferentialScreen.tsx(66,15): error TS2322: Type 'never[] | { data: Article[]; count: number | null; }' is not assignable to type 'never[]'.
  Type '{ data: Article[]; count: number | null; }' is missing the following properties from type 'never[]': length, pop, push, concat, and 28 more.
src/screens/ReferentialScreen.tsx(75,46): error TS2339: Property 'name_en' does not exist on type 'never'.
src/screens/ReferentialScreen.tsx(75,61): error TS2339: Property 'name_en' does not exist on type 'never'.
src/screens/ReferentialScreen.tsx(75,76): error TS2339: Property 'name' does not exist on type 'never'.
src/screens/ReferentialScreen.tsx(81,40): error TS2339: Property 'article_type' does not exist on type 'never'.
src/screens/ReferentialScreen.tsx(81,66): error TS2339: Property 'article_type' does not exist on type 'never'.
src/screens/ReferentialScreen.tsx(87,48): error TS2339: Property 'active' does not exist on type 'never'.
src/screens/ReferentialScreen.tsx(88,29): error TS2339: Property 'active' does not exist on type 'never'.
src/screens/ReferentialScreen.tsx(93,74): error TS2339: Property 'code' does not exist on type 'never'.
src/screens/ReferentialScreen.tsx(99,31): error TS2339: Property 'filter' does not exist on type 'never[] | { data: Supplier[]; count: number | null; }'.
  Property 'filter' does not exist on type '{ data: Supplier[]; count: number | null; }'.
src/screens/ReferentialScreen.tsx(99,38): error TS7006: Parameter 's' implicitly has an 'any' type.
src/screens/StocksScreen.tsx(37,20): error TS2448: Block-scoped variable 'selDepotId' used before its declaration.
src/screens/StocksScreen.tsx(37,20): error TS2454: Variable 'selDepotId' is used before being assigned.
src/screens/StocksScreen.tsx(46,37): error TS2339: Property 'filter' does not exist on type 'never[] | { data: Article[]; count: number | null; }'.
  Property 'filter' does not exist on type '{ data: Article[]; count: number | null; }'.
src/screens/StocksScreen.tsx(46,44): error TS7006: Parameter 'a' implicitly has an 'any' type.
src/screens/StocksScreen.tsx(89,22): error TS2339: Property 'find' does not exist on type 'never[] | { data: Lot[]; count: number | null; }'.
  Property 'find' does not exist on type '{ data: Lot[]; count: number | null; }'.
src/screens/StocksScreen.tsx(89,27): error TS7006: Parameter 'l' implicitly has an 'any' type.
src/screens/StocksScreen.tsx(106,22): error TS2339: Property 'find' does not exist on type 'never[] | { data: Lot[]; count: number | null; }'.
  Property 'find' does not exist on type '{ data: Lot[]; count: number | null; }'.
src/screens/StocksScreen.tsx(106,27): error TS7006: Parameter 'l' implicitly has an 'any' type.
src/screens/StocksScreen.tsx(122,43): error TS2339: Property 'filter' does not exist on type 'never[] | { data: Lot[]; count: number | null; }'.
  Property 'filter' does not exist on type '{ data: Lot[]; count: number | null; }'.
src/screens/StocksScreen.tsx(122,51): error TS7006: Parameter 'l' implicitly has an 'any' type.
src/screens/StocksScreen.tsx(123,13): error TS7006: Parameter 'l' implicitly has an 'any' type.
src/screens/StocksScreen.tsx(133,43): error TS7006: Parameter 'acc' implicitly has an 'any' type.
src/screens/StocksScreen.tsx(133,48): error TS7006: Parameter 'l' implicitly has an 'any' type.
src/screens/StocksScreen.tsx(134,41): error TS7006: Parameter 'l' implicitly has an 'any' type.
src/screens/StocksScreen.tsx(135,41): error TS7006: Parameter 'l' implicitly has an 'any' type.
src/screens/StocksScreen.tsx(137,38): error TS7006: Parameter 'l' implicitly has an 'any' type.
src/screens/StocksScreen.tsx(226,71): error TS2339: Property 'length' does not exist on type 'never[] | { data: Article[]; count: number | null; }'.
  Property 'length' does not exist on type '{ data: Article[]; count: number | null; }'.
src/screens/StocksScreen.tsx(243,27): error TS2339: Property 'filter' does not exist on type 'never[] | { data: Lot[]; count: number | null; }'.
  Property 'filter' does not exist on type '{ data: Lot[]; count: number | null; }'.
src/screens/StocksScreen.tsx(243,34): error TS7006: Parameter 'l' implicitly has an 'any' type.
src/screens/StocksScreen.tsx(258,34): error TS7006: Parameter 'line' implicitly has an 'any' type.
src/screens/StocksScreen.tsx(258,40): error TS7006: Parameter 'idx' implicitly has an 'any' type.
src/screens/StocksScreen.tsx(301,25): error TS2339: Property 'map' does not exist on type 'never[] | { data: Lot[]; count: number | null; }'.
  Property 'map' does not exist on type '{ data: Lot[]; count: number | null; }'.
src/screens/StocksScreen.tsx(301,29): error TS7006: Parameter 'l' implicitly has an 'any' type.
src/screens/StocksScreen.tsx(325,25): error TS2339: Property 'map' does not exist on type 'never[] | { data: Lot[]; count: number | null; }'.
  Property 'map' does not exist on type '{ data: Lot[]; count: number | null; }'.
src/screens/StocksScreen.tsx(325,29): error TS7006: Parameter 'l' implicitly has an 'any' type.
